// Vitest Snapshot v1, https://vitest.dev/guide/snapshot.html

exports[`路由表快照 > 路由数量与形态稳定（快照防误删/误改） 1`] = `
[
  "/",
  "/:pathMatch(.*)*",
  "/about",
  "/admin",
  "/admin/sponsors",
  "/author/public",
  "/demo/:slug",
  "/demos",
  "/forum",
  "/forum/new",
  "/forum/topic/:id",
  "/leaderboard",
  "/login",
  "/models",
  "/models/:slug",
  "/notifications",
  "/register",
  "/settings",
  "/tag/:k/:v",
  "/tags",
  "/tags/keys",
  "/tasks",
  "/tasks/:slug",
  "/upload",
  "/user/:username",
  "/user/:username/followers",
  "/user/:username/following",
]
`;
